[5, 6, 4, 9, 1, 6, 6, 9, 6, 3, 3, 6, 1, 6, 4, 3, 6, 5, 7, 4]
