[{"x":"p11.0","y0":"[0,3]LMa0_1_0_0","y1":"[0,3]LMb0_1_0_0","y2":"[0,3]LMc0_1_0_0","y3":"[0,3]LMd0_1_0_0"},{"x":"p11.1","y0":"[1,3]LMa0_1_0_0","y1":"[1,3]LMb0_1_0_0","y2":"[1,3]LMc0_1_0_0","y3":"[1,3]LMd0_1_0_0"},{"x":"p11.2","y0":"[2,3]LMa0_1_0_0","y1":"[2,3]LMb0_1_0_0","y2":"[2,3]LMc0_1_0_0","y3":"[2,3]LMd0_1_0_0"},{"x":"p11.3","y0":"[3,3]LMa0_1_0_0","y1":"[3,3]LMb0_1_0_0","y2":"[3,3]LMc0_1_0_0","y3":"[3,3]LMd0_1_0_0"}]
[{"x":"p11.0","y0":"[0,3]LMc0_0_0_0","y1":"[0,3]LMc0_1_0_0","y2":"[0,3]LMc0_2_0_0","y3":"[0,3]LMc0_3_0_0","y4":"[0,3]LMc0_4_0_0"},{"x":"p11.1","y0":"[1,3]LMc0_0_0_0","y1":"[1,3]LMc0_1_0_0","y2":"[1,3]LMc0_2_0_0","y3":"[1,3]LMc0_3_0_0","y4":"[1,3]LMc0_4_0_0"},{"x":"p11.2","y0":"[2,3]LMc0_0_0_0","y1":"[2,3]LMc0_1_0_0","y2":"[2,3]LMc0_2_0_0","y3":"[2,3]LMc0_3_0_0","y4":"[2,3]LMc0_4_0_0"},{"x":"p11.3","y0":"[3,3]LMc0_0_0_0","y1":"[3,3]LMc0_1_0_0","y2":"[3,3]LMc0_2_0_0","y3":"[3,3]LMc0_3_0_0","y4":"[3,3]LMc0_4_0_0"}]
[{"x":"p11.0","y0":"[0,3]LMa0_0_0_0","y1":"[0,3]LMa0_1_0_0","y2":"[0,3]LMa0_2_0_0","y3":"[0,3]LMa0_3_0_0","y4":"[0,3]LMa0_4_0_0","y5":"[0,3]LMb0_0_0_0","y6":"[0,3]LMb0_1_0_0","y7":"[0,3]LMb0_2_0_0","y8":"[0,3]LMb0_3_0_0","y9":"[0,3]LMb0_4_0_0","y10":"[0,3]LMc0_0_0_0","y11":"[0,3]LMc0_1_0_0","y12":"[0,3]LMc0_2_0_0","y13":"[0,3]LMc0_3_0_0","y14":"[0,3]LMc0_4_0_0","y15":"[0,3]LMd0_0_0_0","y16":"[0,3]LMd0_1_0_0","y17":"[0,3]LMd0_2_0_0","y18":"[0,3]LMd0_3_0_0","y19":"[0,3]LMd0_4_0_0"},{"x":"p11.1","y0":"[1,3]LMa0_0_0_0","y1":"[1,3]LMa0_1_0_0","y2":"[1,3]LMa0_2_0_0","y3":"[1,3]LMa0_3_0_0","y4":"[1,3]LMa0_4_0_0","y5":"[1,3]LMb0_0_0_0","y6":"[1,3]LMb0_1_0_0","y7":"[1,3]LMb0_2_0_0","y8":"[1,3]LMb0_3_0_0","y9":"[1,3]LMb0_4_0_0","y10":"[1,3]LMc0_0_0_0","y11":"[1,3]LMc0_1_0_0","y12":"[1,3]LMc0_2_0_0","y13":"[1,3]LMc0_3_0_0","y14":"[1,3]LMc0_4_0_0","y15":"[1,3]LMd0_0_0_0","y16":"[1,3]LMd0_1_0_0","y17":"[1,3]LMd0_2_0_0","y18":"[1,3]LMd0_3_0_0","y19":"[1,3]LMd0_4_0_0"},{"x":"p11.2","y0":"[2,3]LMa0_0_0_0","y1":"[2,3]LMa0_1_0_0","y2":"[2,3]LMa0_2_0_0","y3":"[2,3]LMa0_3_0_0","y4":"[2,3]LMa0_4_0_0","y5":"[2,3]LMb0_0_0_0","y6":"[2,3]LMb0_1_0_0","y7":"[2,3]LMb0_2_0_0","y8":"[2,3]LMb0_3_0_0","y9":"[2,3]LMb0_4_0_0","y10":"[2,3]LMc0_0_0_0","y11":"[2,3]LMc0_1_0_0","y12":"[2,3]LMc0_2_0_0","y13":"[2,3]LMc0_3_0_0","y14":"[2,3]LMc0_4_0_0","y15":"[2,3]LMd0_0_0_0","y16":"[2,3]LMd0_1_0_0","y17":"[2,3]LMd0_2_0_0","y18":"[2,3]LMd0_3_0_0","y19":"[2,3]LMd0_4_0_0"},{"x":"p11.3","y0":"[3,3]LMa0_0_0_0","y1":"[3,3]LMa0_1_0_0","y2":"[3,3]LMa0_2_0_0","y3":"[3,3]LMa0_3_0_0","y4":"[3,3]LMa0_4_0_0","y5":"[3,3]LMb0_0_0_0","y6":"[3,3]LMb0_1_0_0","y7":"[3,3]LMb0_2_0_0","y8":"[3,3]LMb0_3_0_0","y9":"[3,3]LMb0_4_0_0","y10":"[3,3]LMc0_0_0_0","y11":"[3,3]LMc0_1_0_0","y12":"[3,3]LMc0_2_0_0","y13":"[3,3]LMc0_3_0_0","y14":"[3,3]LMc0_4_0_0","y15":"[3,3]LMd0_0_0_0","y16":"[3,3]LMd0_1_0_0","y17":"[3,3]LMd0_2_0_0","y18":"[3,3]LMd0_3_0_0","y19":"[3,3]LMd0_4_0_0"}]
[{"x":"p21.0","y0":"[0,2]LMaa0_1_0_0","y1":"[0,3]LMaa0_1_0_0","y2":"[0,2]LMba0_1_0_0","y3":"[0,3]LMba0_1_0_0","y4":"[0,2]LMca0_1_0_0","y5":"[0,3]LMca0_1_0_0"},{"x":"p21.1","y0":"[1,2]LMaa0_1_0_0","y1":"[1,3]LMaa0_1_0_0","y2":"[1,2]LMba0_1_0_0","y3":"[1,3]LMba0_1_0_0","y4":"[1,2]LMca0_1_0_0","y5":"[1,3]LMca0_1_0_0"},{"x":"p21.2","y0":"[2,2]LMaa0_1_0_0","y1":"[2,3]LMaa0_1_0_0","y2":"[2,2]LMba0_1_0_0","y3":"[2,3]LMba0_1_0_0","y4":"[2,2]LMca0_1_0_0","y5":"[2,3]LMca0_1_0_0"},{"x":"p21.3","y0":"[3,2]LMaa0_1_0_0","y1":"[3,3]LMaa0_1_0_0","y2":"[3,2]LMba0_1_0_0","y3":"[3,3]LMba0_1_0_0","y4":"[3,2]LMca0_1_0_0","y5":"[3,3]LMca0_1_0_0"},{"x":"p21.4","y0":"[4,2]LMaa0_1_0_0","y1":"[4,3]LMaa0_1_0_0","y2":"[4,2]LMba0_1_0_0","y3":"[4,3]LMba0_1_0_0","y4":"[4,2]LMca0_1_0_0","y5":"[4,3]LMca0_1_0_0"}]
[{"x":"s2v1","y0":"[0,2]LMaa0_1_0_0","y1":"[0,3]LMaa0_1_0_0","y2":"[0,2]LMba0_1_0_0","y3":"[0,3]LMba0_1_0_0","y4":"[0,2]LMca0_1_0_0","y5":"[0,3]LMca0_1_0_0"},{"x":"s2v2","y0":"[1,2]LMaa0_1_0_0","y1":"[1,3]LMaa0_1_0_0","y2":"[1,2]LMba0_1_0_0","y3":"[1,3]LMba0_1_0_0","y4":"[1,2]LMca0_1_0_0","y5":"[1,3]LMca0_1_0_0"},{"x":"s2v3","y0":"[2,2]LMaa0_1_0_0","y1":"[2,3]LMaa0_1_0_0","y2":"[2,2]LMba0_1_0_0","y3":"[2,3]LMba0_1_0_0","y4":"[2,2]LMca0_1_0_0","y5":"[2,3]LMca0_1_0_0"}]
