state.extract([-1, -2], [0], 1): [[o1/0/x00, o1/0/x01, o1/0/x02], [o1/1/x00, o1/1/x01, o1/1/x02], [o1/2/x00, o1/2/x01, o1/2/x02], [o1/3/x00, o1/3/x01, o1/3/x02], [o1/4/x00, o1/4/x01, o1/4/x02], [o1/5/x00, o1/5/x01, o1/5/x02], [o1/6/x00, o1/6/x01, o1/6/x02], [o1/7/x00, o1/7/x01, o1/7/x02]]
state.extract([-2, -1], [0], 1): [[o1/0/x00, o1/1/x00, o1/2/x00, o1/3/x00, o1/4/x00, o1/5/x00, o1/6/x00, o1/7/x00], [o1/0/x01, o1/1/x01, o1/2/x01, o1/3/x01, o1/4/x01, o1/5/x01, o1/6/x01, o1/7/x01], [o1/0/x02, o1/1/x02, o1/2/x02, o1/3/x02, o1/4/x02, o1/5/x02, o1/6/x02, o1/7/x02]]
state.extract([-1, -2], [0], 2): [[o1/0/x00], [o1/0/x01], [o1/0/x02], [o1/1/x00], [o1/1/x01], [o1/1/x02], [o1/2/x00], [o1/2/x01], [o1/2/x02], [o1/3/x00], [o1/3/x01], [o1/3/x02], [o1/4/x00], [o1/4/x01], [o1/4/x02], [o1/5/x00], [o1/5/x01], [o1/5/x02], [o1/6/x00], [o1/6/x01], [o1/6/x02], [o1/7/x00], [o1/7/x01], [o1/7/x02]]
state.extract([-2, -1], [0], 2): [[o1/0/x00], [o1/1/x00], [o1/2/x00], [o1/3/x00], [o1/4/x00], [o1/5/x00], [o1/6/x00], [o1/7/x00], [o1/0/x01], [o1/1/x01], [o1/2/x01], [o1/3/x01], [o1/4/x01], [o1/5/x01], [o1/6/x01], [o1/7/x01], [o1/0/x02], [o1/1/x02], [o1/2/x02], [o1/3/x02], [o1/4/x02], [o1/5/x02], [o1/6/x02], [o1/7/x02]]
