state.extract([2, -1, 2, 3, 0, -2, 0], [0], 2): [[o1/87/x00x10x20], [o1/87/x00x11x20], [o1/87/x00x12x20], [o1/87/x00e13x20], [o1/105/x00x10x20], [o1/105/x00x11x20], [o1/105/x00x12x20], [o1/105/x00e13x20]]
state.extract([2, -1, 2, 3, 1, -2, 0], [0], 2): [[o1/87/x01x10x20], [o1/87/x01x11x20], [o1/87/x01x12x20], [o1/87/x01e13x20], [o1/105/x01x10x20], [o1/105/x01x11x20], [o1/105/x01x12x20], [o1/105/x01e13x20]]
state.extract([2, -1, 2, 3, 0, -2, 1], [0], 2): [[o1/87/x00x10x21], [o1/87/x00x11x21], [o1/87/x00x12x21], [o1/87/x00e13x21], [o1/105/x00x10x21], [o1/105/x00x11x21], [o1/105/x00x12x21], [o1/105/x00e13x21]]
state.extract([2, -1, 2, 3, 0, -2, 0], [0], 1): [[o1/87/x00x10x20, o1/87/x00x11x20, o1/87/x00x12x20, o1/87/x00e13x20], [o1/105/x00x10x20, o1/105/x00x11x20, o1/105/x00x12x20, o1/105/x00e13x20]]
state.extract([2, -2, 2, 3, 0, -1, 0], [0], 2): [[o1/87/x00x10x20], [o1/105/x00x10x20], [o1/87/x00x11x20], [o1/105/x00x11x20], [o1/87/x00x12x20], [o1/105/x00x12x20], [o1/87/x00e13x20], [o1/105/x00e13x20]]
state.extract([0, 1, -1, -2, 0, 2, 0], [1,2], 2): [[o2/18/x00x12x20, o3/18/x00x12x20], [o2/19/x00x12x20, o3/19/x00x12x20], [o2/20/x00x12x20, o3/20/x00x12x20], [o2/21/x00x12x20, o3/21/x00x12x20], [o2/22/x00x12x20, o3/22/x00x12x20], [o2/23/x00x12x20, o3/23/x00x12x20], [o2/24/x00x12x20, o3/24/x00x12x20], [o2/25/x00x12x20, o3/25/x00x12x20], [o2/26/x00x12x20, o3/26/x00x12x20], [o2/27/x00x12x20, o3/27/x00x12x20], [o2/28/x00x12x20, o3/28/x00x12x20], [o2/29/x00x12x20, o3/29/x00x12x20], [o2/30/x00x12x20, o3/30/x00x12x20], [o2/31/x00x12x20, o3/31/x00x12x20], [o2/32/x00x12x20, o3/32/x00x12x20], [o2/33/x00x12x20, o3/33/x00x12x20], [o2/34/x00x12x20, o3/34/x00x12x20], [o2/35/x00x12x20, o3/35/x00x12x20]]
