xxx/yyy.zzz : xxx yyy zzz
xxx/yyy.d8m
yyy.zzz :  yyy zzz
yyy.d8m
yyy :  yyy 
yyy.d8m
yyy/zzz : yyy zzz 
yyy/zzz.d8m
aaaa/xxx/yyy.zzz : aaaa/xxx yyy zzz
aaaa/xxx/yyy.d8m
xxx.yyy.zzz :  xxx.yyy zzz
xxx.yyy.d8m
