[8, 11, 13, 15, 25, 26, 29, 31, 31, 33, 37, 45, 47, 47, 56, 58, 59, 66, 74, 78, 81, 81, 85, 87, 87, 88, 89, 90, 94, 95, 100, 106, 111, 118, 124, 128, 128, 137, 140, 141, 147, 147, 153, 156, 159, 162, 163, 187, 190, 194]
[26, 29, 31, 31, 33, 37, 45]
