[0.000000, 1.389578, 1.398104, 1.405896, 1.413043, 1.419624, 1.425703, 1.431335, 0.000000, 0.000000]
