8 val ident
12 df1 ident
14 = opr
18 xxx ident
20 - opr
22 : opr
25 yyy ident
26 , opr
30 df2 ident
32 : opr
38 tuple ident
39 ( brkt
40 x ident
41 : opr
43 y ident
44 , opr
46 z ident
47 : opr
49 w ident
50 ) brkt
52 = opr
54 [ brkt
55 1 int
56 , opr
58 5 int
59 ] brkt
69 while ident
70 ( brkt
73 df1 ident
74 ) brkt
76 { brkt
88 var ident
92 tst ident
94 = opr
97 ff ident
98 ( brkt
100 yy ident
101 ) brkt
112 if ident
113 ( brkt
117 ekrj ident
118 ) brkt
124 break ident
130 } brkt
141 welkrj ident
146  end
