start: 2; end: 161 [transitionstmt: [ident: SaveFile];[strg: "save"];[request: [getpost: [ident: POST]];[identopttyplist: [identopttyp: [ident: newFilename];[typex: [ident: string]]];[identopttyplist: [identopttyp: [ident: deletedCols]];[identopttyp: [ident: fieldnames]];[identopttyp: [ident: fielddescs]];[identopttyp: [ident: fieldunits]]]]];[ident: saveFile];[responsex: [respx: [ident: editPage];[ident: fileResponseObj]]]]
start: 247; end: 372 [transitionstmt: [ident: cleanupMissingCode1];[strg: "editMCPre"];[request: [getpost: [ident: GET]];[identopttyplist: [identopttyp: [ident: index];[typex: [ident: integer]]];[identopttyplist: [identopttyp: [ident: value];[typex: [ident: string]]]]]];[ident: editMissingPre];[responsex: [respx: [responselit: [identlist: [ident: anomalous]]]]]]
start: 440; end: 602 [transitionstmt: [ident: FileResponse];[strg: "open"];[request: [getpost: [ident: GET]];[identopttyplist: [identopttyp: [ident: filepath];[typex: [ident: string]]];[identopttyplist: [identopttyp: [ident: filename];[typex: [ident: string]]]]]];[ident: openFile];[responsex: [respx: [ident: editPage];[ident: fileResponseObj]];[respx: [ident: cleanupPage];[ident: cleanupResponse]]]]
start: 689; end: 809 [transitionstmt: [ident: cleanupMissingCode2];[strg: "editMC"];[request: [getpost: [ident: GET]];[identopttyplist: [identopttyp: [ident: index];[typex: [ident: integer]]];[identopttyplist: [identopttyp: [ident: value];[typex: [ident: string]]]]]];[ident: editMissing];[responsex: [respx: [responselit: [identlist: [ident: fieldfacts]]]]]]
start: 811; end: 868 javascript {
    import { Delete } from 'react-feather'
}
start: 870; end: 918 [statestmt: [colonpairlist: [colonpair: [ident: deletedCols];[typex: [listx: [ident: integer]]]];[colonpairlist: [colonpair: [ident: nCols];[typex: [ident: integer]]]]]]
start: 919; end: 971 [statestmt: [colonpairlist: [colonpair: [ident: anychange];[typex: [ident: boolean]]];[colonpairlist: [colonpair: [ident: fileResponseIndex];[typex: [ident: integer]]]]]]
start: 972; end: 1052 [statestmt: [colonpairlist: [colonpair: [ident: factoids];[typex: [listx: [ident: string]]]];[colonpairlist: [colonpair: [ident: fieldnames];[typex: [listx: [ident: string]]]];[colonpair: [ident: fielddescs];[typex: [listx: [ident: string]]]]]]]
start: 1053; end: 1170 [statestmt: [colonpairlist: [colonpair: [ident: fieldqtys];[typex: [listx: [ident: string]]]];[colonpairlist: [colonpair: [ident: fieldbaseunits];[typex: [listx: [ident: string]]]];[colonpair: [ident: fieldunits];[typex: [listx: [ident: string]]]];[colonpair: [ident: fieldfacts];[typex: [listx: [listx: [ident: string]]]]]]]]
start: 1171; end: 1218 [statestmt: [colonpairlist: [colonpair: [ident: filename];[typex: [ident: string]]];[colonpairlist: [colonpair: [ident: fieldcats];[typex: [listx: [ident: string]]]]]]]
start: 1219; end: 1254 [statestmt: [colonpairlist: [colonpair: [ident: dataTable];[typex: [listx: [listx: [ident: string]]]]]]]
start: 1255; end: 1338 [statestmt: [colonpairlist: [colonpair: [ident: missingCodes];[typex: [listx: [ident: string]]]];[colonpairlist: [colonpair: [ident: anomalous];[typex: [listx: [ident: integer]]]];[colonpair: [ident: excluded];[typex: [listx: [ident: integer]]]]]]]
start: 1340; end: 1502 [respstmt: [ident: fileResponseObj];[responselit: [identlist: [ident: fileResponseIndex];[identlist: [ident: factoids];[ident: missingCodes];[ident: nCols];[ident: dataTable];[ident: fieldnames];[ident: fielddescs];[ident: fieldunits];[ident: fieldcats];[ident: fieldfacts]]]]]
start: 1503; end: 1634 [respstmt: [ident: cleanupResponse];[responselit: [identlist: [ident: fileResponseIndex];[identlist: [ident: factoids];[ident: missingCodes];[ident: nCols];[ident: dataTable];[ident: anomalous];[ident: excludedIndices]]]]]
start: 1676; end: 1756 [transitionstmt: [ident: cleanupExcluded];[strg: "editExcl"];[request: [getpost: [ident: GET]];[identopttyplist: [identopttyp: [ident: linenum];[typex: [ident: integer]]]]];[ident: editExcluded]]
start: 1787; end: 1886 [transitionstmt: [ident: finishCleanup];[strg: "cleanedup"];[request: [getpost: [ident: GET]]];[ident: cleanupDone];[responsex: [respx: [ident: editPage];[ident: fileResponseObj]]]]
start: 1888; end: 1959 [transitionstmt: [ident: CloseFile];[strg: "close"];[request: [getpost: [ident: GET]]];[ident: closeFile];[responsex: [respx: [ident: startPage]]]]
