[[valstmt: [decllist: [decl: [ident: df1];[sub: [ident: xxx];[label: :yyy]]];[decl: [ident: df2];[eq: [tuplexpr: [decllist0: [decl0: [identlist: [ident: x]];[ident: y]];[decl0: [identlist: [ident: z]];[ident: w]]]];[litform: [int: 1];[exprlist: [int: 5]]]]]]], [whilestmt: [ident: df1];[stmts: [stmtlist: [varstmt: [decllist: [decl: [ident: tst];[funcall: [ident: ff];[exprlist: [ident: yy]]]]]];[ifstmt: [ident: ekrj];[brkstmt: ]]]]], [ident: welkrj]]
[[valstmt: [decllist: [decl: [ident: xxx];[plus: [sub: [mult: [int: 1];[ident: x]];[div: [flt: 33.5 ];[dot: [ident: y];[ident: aa]]]];[flt: 17e4
]]]]], [valstmt: [decllist: [decl: [ident: yyy];[fnsiglit: [ident: mod];[falst: [exprlist: [ident: z]];[fndeclSep: [opr: :]];[ident: eriu];[falst: [exprlist: [ident: zz]];[fndeclSep: [opr: :]];[funcall: [ident: list];[exprlist: [ident: T]]]]];[stmts: [stmtlist: [lt: [oror: [in: [funcall: [ident: eriu];[exprlist: [ident: z]]];[ident: zz]];[dot: [ident: zz];[ident: count]]];[funcall: [ident: floor];[exprlist: [ident: xxx]]]]]]]]]], [eachstmt: [exprlist: [caret: [ident: a];[ident: b]];[exprlist: [ident: inx]]];[funcall: [ident: foo];[exprlist: [ident: bar]]]], [eachstmt: [exprlist: [caret: [ident: c];[ident: d]]];[stmts: [stmtlist: [funcall: [ident: baz];[exprlist: [ident: quux];[int: 12]]];[ifstmt: [neq: [eq: [ident: x];[oror: [ident: y];[ident: c]]];[int: 15]];[funcall: [ident: z];[exprlist: [int: 12]]]]]]]]
[[valstmt: [decllist: [decl: [ident: xxx];[eq: [ident: tt1];[dotbracket: [dotbrace: [ident: lst];[stmtlist: [div: [mult: [int: 1];[ident: this]];[dot: [ident: y];[ident: aa]]]]];[stmtlist: [arrowstmt: [in: [ident: this];[litform: [int: 1];[exprlist: [int: 5];[int: 14]]]];[ident: index]]]]]]]], [importpkgstmt: [strg: "math/rand"]], [importstmt: [strg: "set"]], [valstmt: [decllist: [decl: [ident: yyy];[qcolon: [gt: [index: [ident: xxx];[int: 0]];[int: 12]];[strg: 'abc'];[strg: "def"]]]]], [valstmt: [decllist: [decl: [ident: zzz];[dotbrace: [ident: lst];[stmtlist: [varstmt: [decllist: [decl: [ident: tmp];[gt: [index: [ident: xxx];[ident: this]];[int: 12]]]]];[qcolon: [ident: tmp];[int: 15];[int: 13]]]]]]], [typecase: [ident: ort];[clauselist: [clause: [ident: t1];[stmts: [stmtlist: [funcall: [ident: s1]];[funcall: [ident: s2];[exprlist: [ident: xx3]]]]]];[clauselist: [clause: [plus: [ident: s4];[ident: s5]]]]]]]
