xvals1: [8.000000, 12.000000, 20.000000, 32.000000, 48.000000, 68.000000, 92.000000, 120.000000, 152.000000, 188.000000]
yvals1: [5.500000, 13.500000, 8.500000, 14.500000, 0.500000, 9.000000, 12.500000, 10.000000, 8.000000, 0.000000]
testx: [15.700000, 31.300000, 47.000000, 62.700000, 78.300000, 94.000000, 109.700000, 125.300000, 141.000000, 156.700000, 172.300000, 188.000000, 203.700000, 219.300000, 235.000000]
rslts: [1.072626, 0.848057, 8.727273, 1.778436, 1.142630, 0.973913, 1.098937, 1.241112, 1.381295, 1.725240, 3.439490, +Inf, 0.000000, 0.000000, 0.000000]
