[[bb, hh, hh, jj, bb, ii, ff, aa, gg, aa], [ee, bb, cc, jj, ii, ee, bb, ff, hh, gg], [ff, gg, ii, ii, hh, hh, hh, ii, aa, ff], [bb, ii, hh, bb, jj, gg, hh, bb, ff, gg], [dd, aa, ee, dd, dd, hh, ii, ee, jj, dd], [hh, bb, jj, jj, aa, ff, ii, ii, dd, ff], [bb, aa, ff, gg, gg, ii, bb, cc, dd, gg]]
[[bb, ee, ff, bb, dd, hh, bb], [hh, bb, gg, ii, aa, bb, aa], [hh, cc, ii, hh, ee, jj, ff], [jj, jj, ii, bb, dd, jj, gg], [bb, ii, hh, jj, dd, aa, gg], [ii, ee, hh, gg, hh, ff, ii], [ff, bb, hh, hh, ii, ii, bb], [aa, ff, ii, bb, ee, ii, cc], [gg, hh, aa, ff, jj, dd, dd], [aa, gg, ff, gg, dd, ff, gg]]
