[[2; 38], [13; 10], [25; 20], [28; 34], [37; 13], [41; 19], [47; 19], [57; 1], [83; 26], [90; 15], [94; 3], [95; 26], [100; 25], [103; 35], [105; 36], [111; 5], [123; 33], [128; 18], [129; 36], [133; 27], [137; 26], [147; 14], [147; 27], [161; 2], [162; 9], [163; 16], [166; 28], [178; 4], [181; 38], [187; 8], [188; 18], [189; 39], [191; 2], [194; 31], [196; 20], [205; 38], [233; 3], [237; 31], [240; 23], [241; 8], [246; 27], [251; 30], [252; 3], [256; 20], [259; 33], [277; 23], [278; 16], [281; 7], [285; 26], [287; 31]]
[[[1, 2, 3]; 100], [[1]; 103], [[1, 2, 3, 4]; 104], [[1, 2, 3, 4]; 105], [[1, 2]; 109], [[1, 2, 3, 4, 5]; 110], [[1]; 115], [[1, 2]; 118], [[]; 119], [[1, 2]; 120], [[1, 2, 3]; 128], [[1, 2]; 129], [[1, 2, 3, 4, 5, 6, 7, 8]; 131], [[1, 2, 3, 4, 5, 6]; 131], [[1]; 133], [[1, 2]; 140], [[1, 2, 3, 4]; 142], [[]; 143], [[]; 147], [[1, 2, 3]; 147], [[]; 148], [[1, 2, 3, 4, 5]; 151], [[1]; 152], [[1]; 153], [[1, 2, 3, 4]; 159], [[1, 2, 3]; 160], [[1, 2, 3, 4, 5]; 160], [[1, 2, 3, 4]; 166], [[1, 2, 3, 4, 5, 6]; 167], [[1, 2, 3, 4]; 167], [[1, 2, 3, 4, 5]; 169], [[1]; 171], [[1, 2]; 172], [[1, 2, 3, 4, 5]; 175], [[1, 2]; 184], [[1, 2, 3, 4]; 186], [[1, 2, 3, 4, 5, 6]; 188], [[1, 2, 3, 4]; 191], [[1, 2, 3, 4]; 193], [[1]; 197]]
