[[340; 0], [1; 6], [359; 7], [546; 9], [247; 10], [352; 11], [119; 14], [390; 15], [574; 39], [113; 45], [522; 45], [47; 59], [300; 60], [589; 72], [466; 75], [120; 81], [485; 88], [162; 89], [201; 90], [294; 98], [451; 121], [337; 133], [499; 138], [331; 146], [433; 147], [317; 151], [96; 152], [405; 156], [423; 162], [599; 162], [75; 181], [215; 185], [326; 196], [514; 207], [313; 214], [529; 231], [367; 231], [174; 237], [362; 243], [520; 260], [466; 270], [509; 277], [262; 283], [320; 289], [256; 300], [122; 301], [67; 301], [481; 318], [86; 320], [587; 326], [345; 339], [292; 342], [111; 343], [148; 350], [304; 356], [429; 356], [124; 357], [244; 364], [393; 380], [415; 385], [221; 390], [17; 393], [323; 394], [541; 408], [590; 417], [4; 421], [51; 434], [395; 450], [63; 454], [561; 460], [577; 463], [338; 472], [6; 474], [506; 483], [482; 495], [527; 496], [251; 510], [494; 511], [248; 513], [430; 513], [92; 524], [114; 527], [412; 532], [459; 546], [498; 553], [65; 558], [133; 561], [504; 562], [221; 574], [431; 577], [598; 585], [537; 631], [586; 632], [239; 637], [40; 652], [328; 653], [240; 662], [390; 666], [95; 666], [65; 682], [4; 685], [53; 701], [85; 710], [216; 719], [357; 721], [323; 723], [144; 723], [8; 727], [514; 730], [169; 740], [383; 746], [501; 750], [118; 756], [556; 765], [552; 775], [412; 779], [320; 783], [437; 800], [326; 802], [303; 804], [298; 817], [128; 818], [416; 839], [93; 840], [552; 843], [521; 855], [559; 861], [493; 870], [503; 888], [471; 894], [384; 903], [395; 914], [141; 915], [246; 921], [210; 921], [583; 928], [175; 943], [19; 981], [270; 984], [451; 985], [8; 1008], [287; 1010], [173; 1017], [285; 1026], [322; 1029], [584; 1044], [36; 1051], [401; 1058], [461; 1060], [244; 1063], [251; 1076], [235; 1079], [220; 1079], [472; 1088], [13; 1090], [429; 1092], [474; 1099], [437; 1106], [409; 1128], [63; 1135], [84; 1150], [253; 1158], [104; 1162], [78; 1175], [370; 1182], [305; 1183], [395; 1197], [8; 1198], [19; 1200], [573; 1201], [161; 1202], [380; 1205], [288; 1223], [358; 1232], [128; 1258], [328; 1274], [172; 1275], [355; 1277], [10; 1285], [324; 1293], [384; 1297], [351; 1312], [478; 1324], [359; 1325], [201; 1328], [131; 1332], [470; 1336], [278; 1336], [436; 1338], [521; 1350], [40; 1351], [225; 1351], [559; 1353], [103; 1355], [100; 1359], [595; 1362], [320; 1374], [544; 1395], [393; 1398], [477; 1402], [459; 1414], [482; 1414], [202; 1418], [552; 1420], [335; 1440], [35; 1443], [411; 1445], [516; 1452], [354; 1464], [86; 1467], [454; 1483], [236; 1487], [441; 1490], [194; 1510], [413; 1516], [27; 1534], [106; 1537], [315; 1540], [24; 1547], [60; 1551], [394; 1563], [188; 1571], [233; 1574], [164; 1588], [514; 1589], [79; 1592], [539; 1593], [205; 1598], [88; 1611], [330; 1619], [48; 1630], [233; 1643], [311; 1648], [587; 1657], [39; 1694], [156; 1695], [400; 1705], [1; 1707], [366; 1710], [369; 1712], [2; 1718], [354; 1721], [275; 1740], [506; 1740], [580; 1741], [283; 1755], [48; 1756], [381; 1757], [315; 1757], [105; 1762], [53; 1795], [294; 1806], [89; 1814], [580; 1834], [101; 1847], [345; 1871], [310; 1872], [175; 1874], [456; 1878], [534; 1879], [281; 1887], [487; 1888], [191; 1898], [29; 1920], [423; 1953], [36; 1955], [70; 1996], [491; 2002], [399; 2024], [325; 2026], [10; 2030], [171; 2039], [420; 2044], [573; 2051], [41; 2059], [544; 2078], [381; 2079], [137; 2086], [293; 2086], [95; 2092], [314; 2093], [447; 2094], [546; 2107], [414; 2118], [581; 2131], [467; 2137], [392; 2138], [201; 2140], [163; 2143], [178; 2154], [413; 2162], [365; 2162], [53; 2166], [284; 2173], [252; 2175], [106; 2179], [157; 2184], [225; 2190], [189; 2199], [328; 2201], [429; 2203], [342; 2208], [521; 2213], [509; 2215], [163; 2217], [253; 2218], [107; 2222], [222; 2223], [445; 2227], [253; 2240], [177; 2242], [202; 2258], [177; 2262], [77; 2267], [405; 2276], [178; 2281], [574; 2284], [247; 2292], [376; 2300], [182; 2316], [364; 2339], [353; 2360], [222; 2371], [163; 2376], [518; 2392], [208; 2407], [217; 2407], [277; 2412], [457; 2415], [196; 2420], [307; 2428], [487; 2430], [1; 2438], [223; 2442], [484; 2442], [200; 2456], [587; 2462], [309; 2466], [95; 2466], [68; 2476], [249; 2488], [540; 2503], [587; 2532], [488; 2538], [25; 2540], [64; 2560], [2; 2564], [131; 2574], [391; 2582], [573; 2596], [516; 2600], [599; 2615], [156; 2617], [408; 2631], [390; 2632], [271; 2641], [541; 2642], [437; 2647], [6; 2648], [123; 2650], [157; 2652], [114; 2658], [151; 2666], [219; 2666], [45; 2671], [130; 2686], [312; 2695], [589; 2698], [513; 2709], [201; 2722], [123; 2724], [133; 2740], [387; 2749], [399; 2760], [425; 2768], [53; 2774], [140; 2786], [277; 2801], [559; 2807], [19; 2807], [335; 2815], [466; 2828], [587; 2831], [260; 2834], [345; 2835], [560; 2836], [281; 2848], [340; 2860], [459; 2867], [374; 2869], [579; 2875], [79; 2887], [294; 2922], [516; 2926], [352; 2928], [447; 2947], [543; 2968], [273; 2972], [494; 2985], [237; 2998]]
