lst: [[[aa;  jei], [aa; 34kj], [aa; 34kj], [aa; 3iu4m], [aa; 3iu4m], [aa; 3iu4m], [aa; eie], [aa; eie], [aa; ejiru], [aa; jweo], [aa; wekrj], [abb; 34kj], [abb; 34kj], [abb; 3iu], [abb; 3iu], [abb; 3iu], [abb; 3iu4m], [abb; eie], [abb; eie], [abb; eie], [abb; eie], [abb; eie], [abb; ejiru], [abb; jweo], [abb; jweo], [abb; wekrj], [abb; wekrj], [abb; wekrj], [cds; 3iu4m], [cds; 3iu4m], [cds; 3iu4m], [cds; ejiru], [cds; ejiru], [cds; jweo], [cds; jweo], [cds; jweo], [cds; jweo], [cds; jweo], [cds; jweo], [cds; wekrj]]]
