A: [[8, 11, 14, 17, 20, 23, 26, 29, 32, 35]] ; B: [[4, 8, 12, 16, 20, 24]] ; A-B: [[11, 14, 17, 23, 26, 29, 32, 35]]
B-A: [[4, 12, 16, 24]]
