[[6, 4, 2, 1, 3, 5]; [[6; 12], [4; 8], [2; 4], [1; 2], [3; 6], [5; 10]]]
