[[0, 10], [16, 23]]
[[2, 10], [19, 24]]
[[1, 8]]
[[0, 8]]
