[1, 4, 1, 4, 5, 0, 6, 9, 5, 9, 10, 0, 11, 18, 2, 18, 19, 0, 20, 33, 3]
[0, 4, 1, 4, 5, 0, 9, 12, 5, 12, 13, 0, 14, 27, 3, 27, 28, 0, 29, 33, 1]
6
