[0, 2, 1]
[3, 7, 1]
[8, 12, 6]
[12, 13, 0]
[14, 32, 2]
[33, 49, 4]
[49, 52, 1]
