true
false
5
map[1:true 4:true 5:true 15:true 30:true]
