[[0.000514; xxx; 3], [0.001412; xxx; 8], [0.001904; xxx; 10], [0.002843; xxx; 16], [0.004445; xxx; 24], [0.004489; xxx; 25], [0.004880; xxx; 27], [0.006627; xxx; 36], [0.007528; xxx; 41], [0.007681; xxx; 42], [0.011610; xxx; 64], [0.012481; xxx; 69], [0.012826; xxx; 71], [0.013286; xxx; 73], [0.014827; xxx; 82], [0.015181; xxx; 83], [0.018404; xxx; 101], [0.018713; xxx; 103], [0.019875; xxx; 109], [0.019809; xxx; 109]]
