[[true, true, false, true, true, false, true, false]; [1, 2, 7, 15, 18, 33]]
