nx: [0, 0, 0, 0]
nx: [0, 0, 0, 1]
nx: [0, 0, 1, 0]
nx: [0, 0, 1, 1]
nx: [0, 1, 0, 0]
nx: [0, 1, 0, 1]
nx: [0, 1, 1, 0]
nx: [0, 1, 1, 1]
nx: [0, 2, 0, 0]
nx: [0, 2, 0, 1]
nx: [0, 2, 1, 0]
nx: [0, 2, 1, 1]
nx: [0, 3, 0, 0]
nx: [0, 3, 0, 1]
nx: [0, 3, 1, 0]
nx: [0, 3, 1, 1]
nx: [1, 0, 0, 0]
nx: [1, 0, 0, 1]
nx: [1, 0, 1, 0]
nx: [1, 0, 1, 1]
nx: [1, 1, 0, 0]
nx: [1, 1, 0, 1]
nx: [1, 1, 1, 0]
nx: [1, 1, 1, 1]
nx: [1, 2, 0, 0]
nx: [1, 2, 0, 1]
nx: [1, 2, 1, 0]
nx: [1, 2, 1, 1]
nx: [1, 3, 0, 0]
nx: [1, 3, 0, 1]
nx: [1, 3, 1, 0]
nx: [1, 3, 1, 1]
nx: [2, 0, 0, 0]
nx: [2, 0, 0, 1]
nx: [2, 0, 1, 0]
nx: [2, 0, 1, 1]
nx: [2, 1, 0, 0]
nx: [2, 1, 0, 1]
nx: [2, 1, 1, 0]
nx: [2, 1, 1, 1]
nx: [2, 2, 0, 0]
nx: [2, 2, 0, 1]
nx: [2, 2, 1, 0]
nx: [2, 2, 1, 1]
nx: [2, 3, 0, 0]
nx: [2, 3, 0, 1]
nx: [2, 3, 1, 0]
nx: [2, 3, 1, 1]
