{"xxx":{"a":12,"b":15},"yyy":[111.449480,73.393560,127.759160,160.378520,2.718280,48.929040,67.957000,54.365600,43.492480,0.000000],"wekrj":"a\" string","iue":34834}{"xxx":[{"a":12,"b":15},{"a":12,"b":15}],"yyy":[111.449480,73.393560,127.759160,160.378520,2.718280,48.929040,67.957000,54.365600,43.492480,0.000000],"zzz":"a\" string"}
