ccc, ccc: false
ccc, ddd: false
ccc, int: true
ccc, ident: true
ccc, expr: true
ccc, stmt: true
ddd, ccc: false
ddd, ddd: false
ddd, int: true
ddd, ident: true
ddd, expr: true
ddd, stmt: true
int, ccc: false
int, ddd: false
int, int: false
int, ident: false
int, expr: true
int, stmt: true
ident, ccc: false
ident, ddd: false
ident, int: false
ident, ident: false
ident, expr: true
ident, stmt: true
expr, ccc: false
expr, ddd: false
expr, int: false
expr, ident: false
expr, expr: false
expr, stmt: false
stmt, ccc: false
stmt, ddd: false
stmt, int: false
stmt, ident: false
stmt, expr: false
stmt, stmt: false
